  DX11Device.cpp
  C:\Program Files (x86)\Windows Kits\10\Include\10.0.22621.0\um\dinput.h: DIRECTINPUT_VERSION undefined. Defaulting to version 0x0800
C:\Users\sefce\source\KMEngine\KMEngine\DX11Device.cpp(374,31): warning C4101: 'GeometryFactory': unreferenced local variable
C:\Users\sefce\source\KMEngine\KMEngine\DX11Device.cpp(794,61): warning C4267: '=': conversion from 'size_t' to 'UINT', possible loss of data
C:\Users\sefce\source\KMEngine\KMEngine\DX11Device.cpp(820,47): warning C4267: '=': conversion from 'size_t' to 'UINT', possible loss of data
C:\Users\sefce\source\KMEngine\KMEngine\DX11Device.cpp(1434,16): warning C4244: '=': conversion from 'UINT' to 'FLOAT', possible loss of data
C:\Users\sefce\source\KMEngine\KMEngine\DX11Device.cpp(1435,17): warning C4244: '=': conversion from 'UINT' to 'FLOAT', possible loss of data
C:\Users\sefce\source\KMEngine\KMEngine\DX11Device.cpp(1446,31): warning C4101: 'GeometryFactory': unreferenced local variable
C:\Users\sefce\source\KMEngine\KMEngine\DX11Device.cpp(1797,31): warning C4101: 'GeometryFactory': unreferenced local variable
C:\Users\sefce\source\KMEngine\KMEngine\DX11Device.cpp(2114,31): warning C4101: 'GeometryFactory': unreferenced local variable
C:\Users\sefce\source\KMEngine\KMEngine\DX11Device.cpp(2298,31): warning C4101: 'GeometryFactory': unreferenced local variable
C:\Users\sefce\source\KMEngine\KMEngine\DX11Device.cpp(2820,31): warning C4101: 'GeometryFactory': unreferenced local variable
  KMEngine.cpp
  C:\Program Files (x86)\Windows Kits\10\Include\10.0.22621.0\um\dinput.h: DIRECTINPUT_VERSION undefined. Defaulting to version 0x0800
C:\Users\sefce\source\KMEngine\KMEngine\Core\CoreEngine.h(55,89): warning C4244: 'argument': conversion from 'float' to 'int', possible loss of data
  (compiling source file 'KMEngine.cpp')
  
C:\Users\sefce\source\KMEngine\KMEngine\Core\CoreEngine.h(55,63): warning C4244: 'argument': conversion from 'float' to 'int', possible loss of data
  (compiling source file 'KMEngine.cpp')
  
  UIModule.cpp
  C:\Program Files (x86)\Windows Kits\10\Include\10.0.22621.0\um\dinput.h: DIRECTINPUT_VERSION undefined. Defaulting to version 0x0800
C:\Users\sefce\source\KMEngine\KMEngine\Modules\UIModule.cpp(90,23): warning C4312: 'type cast': conversion from 'LONG' to 'HINSTANCE' of greater size
C:\Users\sefce\source\KMEngine\KMEngine\Modules\UIModule.cpp(163,39): warning C4244: '=': conversion from 'LONG' to 'float', possible loss of data
C:\Users\sefce\source\KMEngine\KMEngine\Modules\UIModule.cpp(164,34): warning C4244: '=': conversion from 'LONG' to 'float', possible loss of data
C:\Users\sefce\source\KMEngine\KMEngine\Modules\UIModule.cpp(226,45): warning C4244: '=': conversion from 'int' to 'float', possible loss of data
C:\Users\sefce\source\KMEngine\KMEngine\Modules\UIModule.cpp(227,46): warning C4244: '=': conversion from 'int' to 'float', possible loss of data
C:\Users\sefce\source\KMEngine\KMEngine\Modules\UIModule.cpp(199,30): warning C4101: 'y': unreferenced local variable
C:\Users\sefce\source\KMEngine\KMEngine\Modules\UIModule.cpp(205,26): warning C4101: 'hSubMenu': unreferenced local variable
C:\Users\sefce\source\KMEngine\KMEngine\Modules\UIModule.cpp(409,17): warning C4101: 'hdc': unreferenced local variable
C:\Users\sefce\source\KMEngine\KMEngine\Modules\UIModule.cpp(410,17): warning C4101: 'ps': unreferenced local variable
C:\Users\sefce\source\KMEngine\KMEngine\Modules\UIModule.cpp(411,17): warning C4101: 'rect': unreferenced local variable
  RightSubwindow.cpp
  C:\Program Files (x86)\Windows Kits\10\Include\10.0.22621.0\um\dinput.h: DIRECTINPUT_VERSION undefined. Defaulting to version 0x0800
C:\Users\sefce\source\KMEngine\KMEngine\RightSubwindow.cpp(378,25): warning C4244: 'argument': conversion from 'int' to 'float', possible loss of data
C:\Users\sefce\source\KMEngine\KMEngine\RightSubwindow.cpp(402,25): warning C4244: 'argument': conversion from 'int' to 'float', possible loss of data
C:\Users\sefce\source\KMEngine\KMEngine\RightSubwindow.cpp(426,25): warning C4244: 'argument': conversion from 'int' to 'float', possible loss of data
  ViewportMessage.cpp
  C:\Program Files (x86)\Windows Kits\10\Include\10.0.22621.0\um\dinput.h: DIRECTINPUT_VERSION undefined. Defaulting to version 0x0800
C:\Users\sefce\source\KMEngine\KMEngine\ViewportMessage.cpp(10,30): warning C4244: 'initializing': conversion from 'int' to 'float', possible loss of data
C:\Users\sefce\source\KMEngine\KMEngine\ViewportMessage.cpp(11,30): warning C4244: 'initializing': conversion from 'int' to 'float', possible loss of data
C:\Users\sefce\source\KMEngine\KMEngine\ViewportMessage.cpp(43,42): warning C4244: '=': conversion from 'int' to 'float', possible loss of data
C:\Users\sefce\source\KMEngine\KMEngine\ViewportMessage.cpp(44,42): warning C4244: '=': conversion from 'int' to 'float', possible loss of data
C:\Program Files\Microsoft Visual Studio\2022\Community\VC\Tools\MSVC\14.38.33130\include\type_traits(1741,98): warning C4244: 'argument': conversion from 'int' to 'float', possible loss of data
  (compiling source file 'ViewportMessage.cpp')
      C:\Program Files\Microsoft Visual Studio\2022\Community\VC\Tools\MSVC\14.38.33130\include\type_traits(1741,98):
      the template instantiation context (the oldest one first) is
          C:\Users\sefce\source\KMEngine\KMEngine\ViewportMessage.cpp(176,29):
          see reference to function template instantiation 'void CTimerManager::SetTimerVariadicArgsLambda<CViewportMessage::SendToUIModule::<lambda_1>,int,int>(std::string,float,float,TLambda,int,int)' being compiled
          with
          [
              TLambda=CViewportMessage::SendToUIModule::<lambda_1>
          ]
          C:\Users\sefce\source\KMEngine\KMEngine\Core\CoreClock.h(254,21):
          see reference to class template instantiation 'CTimerVariadicArgsLambda<CViewportMessage::SendToUIModule::<lambda_1>,int,int>' being compiled
          C:\Users\sefce\source\KMEngine\KMEngine\Core\CoreClock.h(188,7):
          while compiling class template member function 'void CTimerVariadicArgsLambda<CViewportMessage::SendToUIModule::<lambda_1>,int,int>::Execute(void)'
          C:\Users\sefce\source\KMEngine\KMEngine\Core\CoreClock.h(190,8):
          see reference to function template instantiation 'void std::apply<TLambda&,std::tuple<int,int>&>(_Callable,_Tuple) noexcept(false)' being compiled
          with
          [
              TLambda=CViewportMessage::SendToUIModule::<lambda_1>,
              _Callable=CViewportMessage::SendToUIModule::<lambda_1> &,
              _Tuple=std::tuple<int,int> &
          ]
          C:\Program Files\Microsoft Visual Studio\2022\Community\VC\Tools\MSVC\14.38.33130\include\tuple(1087,1):
          see reference to function template instantiation 'void std::_Apply_impl<TLambda&,std::tuple<int,int>&,0,1>(_Callable,_Tuple,std::integer_sequence<size_t,0,1>) noexcept(false)' being compiled
          with
          [
              TLambda=CViewportMessage::SendToUIModule::<lambda_1>,
              _Callable=CViewportMessage::SendToUIModule::<lambda_1> &,
              _Tuple=std::tuple<int,int> &
          ]
          C:\Program Files\Microsoft Visual Studio\2022\Community\VC\Tools\MSVC\14.38.33130\include\tuple(1077,17):
          see reference to function template instantiation 'void std::invoke<TLambda&,int&,int&>(_Callable,_Ty1,int &) noexcept(false)' being compiled
          with
          [
              TLambda=CViewportMessage::SendToUIModule::<lambda_1>,
              _Callable=CViewportMessage::SendToUIModule::<lambda_1> &,
              _Ty1=int &
          ]
  
C:\Program Files\Microsoft Visual Studio\2022\Community\VC\Tools\MSVC\14.38.33130\include\type_traits(1741,67): warning C4244: 'argument': conversion from 'int' to 'float', possible loss of data
  (compiling source file 'ViewportMessage.cpp')
  
  World.cpp
  Generating Code...
  KMEngine.vcxproj -> C:\Users\sefce\source\KMEngine\x64\Debug\KMEngine.exe
  'pwsh.exe' is not recognized as an internal or external command,
  operable program or batch file.
