c:\users\elena\documents\misc\kmengine\kmengine\x64\debug\vc143.pdb
c:\users\elena\documents\misc\kmengine\kmengine\x64\debug\vc143.idb
c:\users\elena\documents\misc\kmengine\kmengine\x64\debug\coreclock.nativecodeanalysis.sarif
c:\users\elena\documents\misc\kmengine\kmengine\x64\debug\coreclock.nativecodeanalysis.xml
c:\users\elena\documents\misc\kmengine\kmengine\x64\debug\ddstextureloader.nativecodeanalysis.sarif
c:\users\elena\documents\misc\kmengine\kmengine\x64\debug\ddstextureloader.nativecodeanalysis.xml
c:\users\elena\documents\misc\kmengine\kmengine\x64\debug\dx11device.nativecodeanalysis.sarif
c:\users\elena\documents\misc\kmengine\kmengine\x64\debug\dx11device.nativecodeanalysis.xml
c:\users\elena\documents\misc\kmengine\kmengine\x64\debug\dxresourcesconfig.nativecodeanalysis.sarif
c:\users\elena\documents\misc\kmengine\kmengine\x64\debug\dxresourcesconfig.nativecodeanalysis.xml
c:\users\elena\documents\misc\kmengine\kmengine\x64\debug\entitybuilder.nativecodeanalysis.sarif
c:\users\elena\documents\misc\kmengine\kmengine\x64\debug\entitybuilder.nativecodeanalysis.xml
c:\users\elena\documents\misc\kmengine\kmengine\x64\debug\gameentity3d.nativecodeanalysis.sarif
c:\users\elena\documents\misc\kmengine\kmengine\x64\debug\gameentity3d.nativecodeanalysis.xml
c:\users\elena\documents\misc\kmengine\kmengine\x64\debug\gltfimporter.nativecodeanalysis.sarif
c:\users\elena\documents\misc\kmengine\kmengine\x64\debug\gltfimporter.nativecodeanalysis.xml
c:\users\elena\documents\misc\kmengine\kmengine\x64\debug\kmengine.nativecodeanalysis.sarif
c:\users\elena\documents\misc\kmengine\kmengine\x64\debug\kmengine.nativecodeanalysis.xml
c:\users\elena\documents\misc\kmengine\kmengine\x64\debug\logger.nativecodeanalysis.sarif
c:\users\elena\documents\misc\kmengine\kmengine\x64\debug\logger.nativecodeanalysis.xml
c:\users\elena\documents\misc\kmengine\kmengine\x64\debug\uimodule.nativecodeanalysis.sarif
c:\users\elena\documents\misc\kmengine\kmengine\x64\debug\uimodule.nativecodeanalysis.xml
c:\users\elena\documents\misc\kmengine\kmengine\x64\debug\opengldevice.nativecodeanalysis.sarif
c:\users\elena\documents\misc\kmengine\kmengine\x64\debug\opengldevice.nativecodeanalysis.xml
c:\users\elena\documents\misc\kmengine\kmengine\x64\debug\openglresource.nativecodeanalysis.sarif
c:\users\elena\documents\misc\kmengine\kmengine\x64\debug\openglresource.nativecodeanalysis.xml
c:\users\elena\documents\misc\kmengine\kmengine\x64\debug\perlinnoise.nativecodeanalysis.sarif
c:\users\elena\documents\misc\kmengine\kmengine\x64\debug\perlinnoise.nativecodeanalysis.xml
c:\users\elena\documents\misc\kmengine\kmengine\x64\debug\primitivegeometryfactory.nativecodeanalysis.sarif
c:\users\elena\documents\misc\kmengine\kmengine\x64\debug\primitivegeometryfactory.nativecodeanalysis.xml
c:\users\elena\documents\misc\kmengine\kmengine\x64\debug\renderer.nativecodeanalysis.sarif
c:\users\elena\documents\misc\kmengine\kmengine\x64\debug\renderer.nativecodeanalysis.xml
c:\users\elena\documents\misc\kmengine\kmengine\x64\debug\rendererdirectx11.nativecodeanalysis.sarif
c:\users\elena\documents\misc\kmengine\kmengine\x64\debug\rendererdirectx11.nativecodeanalysis.xml
c:\users\elena\documents\misc\kmengine\kmengine\x64\debug\rightsubwindow.nativecodeanalysis.sarif
c:\users\elena\documents\misc\kmengine\kmengine\x64\debug\rightsubwindow.nativecodeanalysis.xml
c:\users\elena\documents\misc\kmengine\kmengine\x64\debug\scene.nativecodeanalysis.sarif
c:\users\elena\documents\misc\kmengine\kmengine\x64\debug\scene.nativecodeanalysis.xml
c:\users\elena\documents\misc\kmengine\kmengine\x64\debug\stb_image_impl.nativecodeanalysis.sarif
c:\users\elena\documents\misc\kmengine\kmengine\x64\debug\stb_image_impl.nativecodeanalysis.xml
c:\users\elena\documents\misc\kmengine\kmengine\x64\debug\terraingenerator.nativecodeanalysis.sarif
c:\users\elena\documents\misc\kmengine\kmengine\x64\debug\terraingenerator.nativecodeanalysis.xml
c:\users\elena\documents\misc\kmengine\kmengine\x64\debug\terraingenerator.obj
c:\users\elena\documents\misc\kmengine\kmengine\x64\debug\stb_image_impl.obj
c:\users\elena\documents\misc\kmengine\kmengine\x64\debug\scene.obj
c:\users\elena\documents\misc\kmengine\kmengine\x64\debug\rightsubwindow.obj
c:\users\elena\documents\misc\kmengine\kmengine\x64\debug\rendererdirectx11.obj
c:\users\elena\documents\misc\kmengine\kmengine\x64\debug\renderer.obj
c:\users\elena\documents\misc\kmengine\kmengine\x64\debug\primitivegeometryfactory.obj
c:\users\elena\documents\misc\kmengine\kmengine\x64\debug\perlinnoise.obj
c:\users\elena\documents\misc\kmengine\kmengine\x64\debug\openglresource.obj
c:\users\elena\documents\misc\kmengine\kmengine\x64\debug\opengldevice.obj
c:\users\elena\documents\misc\kmengine\kmengine\x64\debug\uimodule.obj
c:\users\elena\documents\misc\kmengine\kmengine\x64\debug\logger.obj
c:\users\elena\documents\misc\kmengine\kmengine\x64\debug\kmengine.obj
c:\users\elena\documents\misc\kmengine\kmengine\x64\debug\gltfimporter.obj
c:\users\elena\documents\misc\kmengine\kmengine\x64\debug\gameentity3d.obj
c:\users\elena\documents\misc\kmengine\kmengine\x64\debug\entitybuilder.obj
c:\users\elena\documents\misc\kmengine\kmengine\x64\debug\dxresourcesconfig.obj
c:\users\elena\documents\misc\kmengine\kmengine\x64\debug\dx11device.obj
c:\users\elena\documents\misc\kmengine\kmengine\x64\debug\ddstextureloader.obj
c:\users\elena\documents\misc\kmengine\kmengine\x64\debug\coreclock.obj
c:\users\elena\documents\misc\kmengine\kmengine\x64\debug\uimessagequeue.nativecodeanalysis.sarif
c:\users\elena\documents\misc\kmengine\kmengine\x64\debug\uimessagequeue.nativecodeanalysis.xml
c:\users\elena\documents\misc\kmengine\kmengine\x64\debug\viewportwindow.nativecodeanalysis.sarif
c:\users\elena\documents\misc\kmengine\kmengine\x64\debug\viewportwindow.nativecodeanalysis.xml
c:\users\elena\documents\misc\kmengine\kmengine\x64\debug\world.nativecodeanalysis.sarif
c:\users\elena\documents\misc\kmengine\kmengine\x64\debug\world.nativecodeanalysis.xml
c:\users\elena\documents\misc\kmengine\kmengine\x64\debug\world.obj
c:\users\elena\documents\misc\kmengine\kmengine\x64\debug\viewportwindow.obj
c:\users\elena\documents\misc\kmengine\kmengine\x64\debug\uimessagequeue.obj
c:\users\elena\documents\misc\kmengine\x64\debug\gizmoarrowshader_ps.cso
c:\users\elena\documents\misc\kmengine\x64\debug\gizmoarrowshader_vs.cso
c:\users\elena\documents\misc\kmengine\x64\debug\textureshader_ps.cso
c:\users\elena\documents\misc\kmengine\x64\debug\textureshader_vs.cso
c:\users\elena\documents\misc\kmengine\x64\debug\directxtex.dll
c:\users\elena\documents\misc\kmengine\x64\debug\kmengine.exe
c:\users\elena\documents\misc\kmengine\x64\debug\kmengine.pdb
c:\users\elena\documents\misc\kmengine\kmengine\x64\debug\kmengine.res
c:\users\elena\documents\misc\kmengine\kmengine\x64\debug\kmengine.ilk
c:\users\elena\documents\misc\kmengine\kmengine\x64\debug\vc.nativecodeanalysis.all.xml
c:\users\elena\documents\misc\kmengine\kmengine\x64\debug\kmengine.tlog\cl.command.1.tlog
c:\users\elena\documents\misc\kmengine\kmengine\x64\debug\kmengine.tlog\cl.items.tlog
c:\users\elena\documents\misc\kmengine\kmengine\x64\debug\kmengine.tlog\cl.read.1.tlog
c:\users\elena\documents\misc\kmengine\kmengine\x64\debug\kmengine.tlog\cl.write.1.tlog
c:\users\elena\documents\misc\kmengine\kmengine\x64\debug\kmengine.tlog\fxc.command.1.tlog
c:\users\elena\documents\misc\kmengine\kmengine\x64\debug\kmengine.tlog\fxc.read.1.tlog
c:\users\elena\documents\misc\kmengine\kmengine\x64\debug\kmengine.tlog\fxc.write.1.tlog
c:\users\elena\documents\misc\kmengine\kmengine\x64\debug\kmengine.tlog\kmengine.write.1u.tlog
c:\users\elena\documents\misc\kmengine\kmengine\x64\debug\kmengine.tlog\link.command.1.tlog
c:\users\elena\documents\misc\kmengine\kmengine\x64\debug\kmengine.tlog\link.read.1.tlog
c:\users\elena\documents\misc\kmengine\kmengine\x64\debug\kmengine.tlog\link.secondary.1.tlog
c:\users\elena\documents\misc\kmengine\kmengine\x64\debug\kmengine.tlog\link.write.1.tlog
c:\users\elena\documents\misc\kmengine\kmengine\x64\debug\kmengine.tlog\rc.command.1.tlog
c:\users\elena\documents\misc\kmengine\kmengine\x64\debug\kmengine.tlog\rc.read.1.tlog
c:\users\elena\documents\misc\kmengine\kmengine\x64\debug\kmengine.tlog\rc.write.1.tlog
